21:08:57.992 DEBUG AUTOMATION - 
=============================================
Request
=============================================
(GET) 	 https://api.blassacademy.com/animales/5
	Accept: */*
	Content-Type: application/json


=============================================
Response
=============================================
HTTP/1.1 200 OK 	 Response Time: 2135ms
Response Headers:
	Age: 0
	Cache-Control: public, max-age=0, must-revalidate
	Content-Length: 195
	Content-Type: application/json; charset=utf-8
	Date: Tue, 05 May 2026 02:08:57 GMT
	Server: Vercel
	Strict-Transport-Security: max-age=63072000
	X-Vercel-Cache: MISS
	X-Vercel-Id: iad1::iad1::l5pt8-1777946937050-76557c40c129

Response Body:
{
    "id": 5,
    "nombre": "Fido",
    "tipo": "cautivo",
    "edad": 3,
    "peso": 42.3,
    "genero": "hermafrodita",
    "amo": {
        "nombre": "Dora",
        "apellido": "Armando",
        "correo": "Dora-armando@hotmail.com",
        "edad": 52,
        "pais": "Paraguay"
    }
}


21:08:58.632 INFO  AUTOMATION - afterScenario: Obtener Animal, status: PASSED
